Archive member included because of file (symbol)

/home/pooki/Documents/code/Mips/STM32 PMSM FOC LIB/stm32f4discovery_stdperiph_lib/Debug/libstm32f4discovery_stdperiph_lib.a(misc.o)
                              src/custom_codeur.o (NVIC_Init)
/home/pooki/Documents/code/Mips/STM32 PMSM FOC LIB/stm32f4discovery_stdperiph_lib/Debug/libstm32f4discovery_stdperiph_lib.a(stm32f4xx_can.o)
                              src/custom_can.o (CAN_DeInit)
/home/pooki/Documents/code/Mips/STM32 PMSM FOC LIB/stm32f4discovery_stdperiph_lib/Debug/libstm32f4discovery_stdperiph_lib.a(stm32f4xx_crc.o)
                              src/custom_codeur.o (CRC_CalcCRC)
/home/pooki/Documents/code/Mips/STM32 PMSM FOC LIB/stm32f4discovery_stdperiph_lib/Debug/libstm32f4discovery_stdperiph_lib.a(stm32f4xx_gpio.o)
                              src/custom_can.o (GPIO_Init)
/home/pooki/Documents/code/Mips/STM32 PMSM FOC LIB/stm32f4discovery_stdperiph_lib/Debug/libstm32f4discovery_stdperiph_lib.a(stm32f4xx_rcc.o)
                              src/TIMhelper.o (RCC_GetClocksFreq)
/home/pooki/Documents/code/Mips/STM32 PMSM FOC LIB/stm32f4discovery_stdperiph_lib/Debug/libstm32f4discovery_stdperiph_lib.a(stm32f4xx_tim.o)
                              src/custom_codeur.o (TIM_TimeBaseInit)
/home/pooki/Ac6/SystemWorkbench/plugins/fr.ac6.mcu.externaltools.arm-none.linux64_1.3.0.201507241112/tools/compiler/bin/../lib/gcc/arm-none-eabi/4.9.3/../../../../arm-none-eabi/lib/armv7e-m/fpu/libc.a(lib_a-calloc.o)
                              src/commande.o (calloc)
/home/pooki/Ac6/SystemWorkbench/plugins/fr.ac6.mcu.externaltools.arm-none.linux64_1.3.0.201507241112/tools/compiler/bin/../lib/gcc/arm-none-eabi/4.9.3/../../../../arm-none-eabi/lib/armv7e-m/fpu/libc.a(lib_a-callocr.o)
                              /home/pooki/Ac6/SystemWorkbench/plugins/fr.ac6.mcu.externaltools.arm-none.linux64_1.3.0.201507241112/tools/compiler/bin/../lib/gcc/arm-none-eabi/4.9.3/../../../../arm-none-eabi/lib/armv7e-m/fpu/libc.a(lib_a-calloc.o) (_calloc_r)
/home/pooki/Ac6/SystemWorkbench/plugins/fr.ac6.mcu.externaltools.arm-none.linux64_1.3.0.201507241112/tools/compiler/bin/../lib/gcc/arm-none-eabi/4.9.3/../../../../arm-none-eabi/lib/armv7e-m/fpu/libc.a(lib_a-exit.o)
                              /home/pooki/Ac6/SystemWorkbench/plugins/fr.ac6.mcu.externaltools.arm-none.linux64_1.3.0.201507241112/tools/compiler/bin/../lib/gcc/arm-none-eabi/4.9.3/../../../../arm-none-eabi/lib/armv7e-m/fpu/crt0.o (exit)
/home/pooki/Ac6/SystemWorkbench/plugins/fr.ac6.mcu.externaltools.arm-none.linux64_1.3.0.201507241112/tools/compiler/bin/../lib/gcc/arm-none-eabi/4.9.3/../../../../arm-none-eabi/lib/armv7e-m/fpu/libc.a(lib_a-impure.o)
                              /home/pooki/Ac6/SystemWorkbench/plugins/fr.ac6.mcu.externaltools.arm-none.linux64_1.3.0.201507241112/tools/compiler/bin/../lib/gcc/arm-none-eabi/4.9.3/../../../../arm-none-eabi/lib/armv7e-m/fpu/libc.a(lib_a-exit.o) (_global_impure_ptr)
/home/pooki/Ac6/SystemWorkbench/plugins/fr.ac6.mcu.externaltools.arm-none.linux64_1.3.0.201507241112/tools/compiler/bin/../lib/gcc/arm-none-eabi/4.9.3/../../../../arm-none-eabi/lib/armv7e-m/fpu/libc.a(lib_a-init.o)
                              /home/pooki/Ac6/SystemWorkbench/plugins/fr.ac6.mcu.externaltools.arm-none.linux64_1.3.0.201507241112/tools/compiler/bin/../lib/gcc/arm-none-eabi/4.9.3/../../../../arm-none-eabi/lib/armv7e-m/fpu/crt0.o (__libc_init_array)
/home/pooki/Ac6/SystemWorkbench/plugins/fr.ac6.mcu.externaltools.arm-none.linux64_1.3.0.201507241112/tools/compiler/bin/../lib/gcc/arm-none-eabi/4.9.3/../../../../arm-none-eabi/lib/armv7e-m/fpu/libc.a(lib_a-malloc.o)
                              src/commande.o (malloc)
/home/pooki/Ac6/SystemWorkbench/plugins/fr.ac6.mcu.externaltools.arm-none.linux64_1.3.0.201507241112/tools/compiler/bin/../lib/gcc/arm-none-eabi/4.9.3/../../../../arm-none-eabi/lib/armv7e-m/fpu/libc.a(lib_a-mallocr.o)
                              /home/pooki/Ac6/SystemWorkbench/plugins/fr.ac6.mcu.externaltools.arm-none.linux64_1.3.0.201507241112/tools/compiler/bin/../lib/gcc/arm-none-eabi/4.9.3/../../../../arm-none-eabi/lib/armv7e-m/fpu/libc.a(lib_a-callocr.o) (_malloc_r)
/home/pooki/Ac6/SystemWorkbench/plugins/fr.ac6.mcu.externaltools.arm-none.linux64_1.3.0.201507241112/tools/compiler/bin/../lib/gcc/arm-none-eabi/4.9.3/../../../../arm-none-eabi/lib/armv7e-m/fpu/libc.a(lib_a-memcpy.o)
                              src/custom_can.o (memcpy)
/home/pooki/Ac6/SystemWorkbench/plugins/fr.ac6.mcu.externaltools.arm-none.linux64_1.3.0.201507241112/tools/compiler/bin/../lib/gcc/arm-none-eabi/4.9.3/../../../../arm-none-eabi/lib/armv7e-m/fpu/libc.a(lib_a-memset.o)
                              /home/pooki/Ac6/SystemWorkbench/plugins/fr.ac6.mcu.externaltools.arm-none.linux64_1.3.0.201507241112/tools/compiler/bin/../lib/gcc/arm-none-eabi/4.9.3/../../../../arm-none-eabi/lib/armv7e-m/fpu/crt0.o (memset)
[...]
Memory Configuration

Name             Origin             Length             Attributes
FLASH            0x08000000         0x00100000         xr
RAM              0x20000000         0x00030000         xrw
MEMORY_B1        0x60000000         0x00000000         xr
*default*        0x00000000         0xffffffff

Linker script and memory map

LOAD /home/pooki/Ac6/SystemWorkbench/plugins/fr.ac6.mcu.externaltools.arm-none.linux64_1.3.0.201507241112/tools/compiler/bin/../lib/gcc/arm-none-eabi/4.9.3/armv7e-m/fpu/crti.o
LOAD /home/pooki/Ac6/SystemWorkbench/plugins/fr.ac6.mcu.externaltools.arm-none.linux64_1.3.0.201507241112/tools/compiler/bin/../lib/gcc/arm-none-eabi/4.9.3/armv7e-m/fpu/crtbegin.o
LOAD /home/pooki/Ac6/SystemWorkbench/plugins/fr.ac6.mcu.externaltools.arm-none.linux64_1.3.0.201507241112/tools/compiler/bin/../lib/gcc/arm-none-eabi/4.9.3/../../../../arm-none-eabi/lib/armv7e-m/fpu/crt0.o
LOAD /home/pooki/Ac6/SystemWorkbench/plugins/fr.ac6.mcu.externaltools.arm-none.linux64_1.3.0.201507241112/tools/compiler/bin/../lib/gcc/arm-none-eabi/4.9.3/../../../../arm-none-eabi/lib/armv7e-m/fpu/libm.a
LOAD startup/startup_stm32f4xx.o
LOAD src/TIMhelper.o
LOAD src/commande.o
LOAD src/configurations.o
LOAD src/custom_can.o
LOAD src/custom_codeur.o
LOAD src/custom_gpio.o
LOAD src/custom_handler.o
LOAD src/custom_nvic.o
LOAD src/debugger.o
LOAD src/main.o
LOAD src/state.o
LOAD src/stm32f4xx_it.o
LOAD src/struct_can_msg.o
LOAD src/syscalls.o
LOAD src/system_stm32f4xx.o
LOAD /home/pooki/Documents/code/Mips/STM32 PMSM FOC LIB/stm32f4discovery_stdperiph_lib/Debug/libstm32f4discovery_stdperiph_lib.a
START GROUP
LOAD /home/pooki/Ac6/SystemWorkbench/plugins/fr.ac6.mcu.externaltools.arm-none.linux64_1.3.0.201507241112/tools/compiler/bin/../lib/gcc/arm-none-eabi/4.9.3/armv7e-m/fpu/libgcc.a
LOAD /home/pooki/Ac6/SystemWorkbench/plugins/fr.ac6.mcu.externaltools.arm-none.linux64_1.3.0.201507241112/tools/compiler/bin/../lib/gcc/arm-none-eabi/4.9.3/../../../../arm-none-eabi/lib/armv7e-m/fpu/libc.a
END GROUP
LOAD /home/pooki/Ac6/SystemWorkbench/plugins/fr.ac6.mcu.externaltools.arm-none.linux64_1.3.0.201507241112/tools/compiler/bin/../lib/gcc/arm-none-eabi/4.9.3/armv7e-m/fpu/crtend.o
LOAD /home/pooki/Ac6/SystemWorkbench/plugins/fr.ac6.mcu.externaltools.arm-none.linux64_1.3.0.201507241112/tools/compiler/bin/../lib/gcc/arm-none-eabi/4.9.3/armv7e-m/fpu/crtn.o
                0x20020000                _estack = 0x20020000
                0x00000000                _Min_Heap_Size = 0x0
                0x00000400                _Min_Stack_Size = 0x400

.isr_vector     0x08000000      0x188
                0x08000000                . = ALIGN (0x4)
 *(.isr_vector)
 .isr_vector    0x08000000      0x188 startup/startup_stm32f4xx.o
                0x08000000                g_pfnVectors
                0x08000188                . = ALIGN (0x4)

.text           0x08000188     0x4530
                0x08000188                . = ALIGN (0x4)
 *(.text)
 .text          0x08000188       0x5c /home/pooki/Ac6/SystemWorkbench/plugins/fr.ac6.mcu.externaltools.arm-none.linux64_1.3.0.201507241112/tools/compiler/bin/../lib/gcc/arm-none-eabi/4.9.3/armv7e-m/fpu/crtbegin.o
 .text          0x080001e4      0x134 /home/pooki/Ac6/SystemWorkbench/plugins/fr.ac6.mcu.externaltools.arm-none.linux64_1.3.0.201507241112/tools/compiler/bin/../lib/gcc/arm-none-eabi/4.9.3/../../../../arm-none-eabi/lib/armv7e-m/fpu/libc.a(lib_a-memcpy.o)
                0x080001e4                memcpy
 *(.text*)
 .text.Reset_Handler
                0x08000318       0x48 startup/startup_stm32f4xx.o
                0x08000318                Reset_Handler
 .text.Default_Handler
                0x08000360        0x2 startup/startup_stm32f4xx.o
                0x08000360                RTC_Alarm_IRQHandler
                0x08000360                HASH_RNG_IRQHandler
                0x08000360                EXTI2_IRQHandler
                0x08000360                TIM8_CC_IRQHandler
                0x08000360                TIM1_CC_IRQHandler
                0x08000360                DMA2_Stream5_IRQHandler
                0x08000360                DMA1_Stream5_IRQHandler
                0x08000360                PVD_IRQHandler
                0x08000360                SDIO_IRQHandler
                0x08000360                TAMP_STAMP_IRQHandler
                0x08000360                CAN2_RX1_IRQHandler
                0x08000360                EXTI3_IRQHandler
                0x08000360                TIM8_TRG_COM_TIM14_IRQHandler
                0x08000360                TIM1_UP_TIM10_IRQHandler
                0x08000360                TIM8_UP_TIM13_IRQHandler
                0x08000360                I2C3_ER_IRQHandler
                0x08000360                EXTI0_IRQHandler
                0x08000360                I2C2_EV_IRQHandler
                0x08000360                DMA1_Stream2_IRQHandler
                0x08000360                FPU_IRQHandler
                0x08000360                OTG_HS_WKUP_IRQHandler
                0x08000360                CAN2_SCE_IRQHandler
                0x08000360                DMA2_Stream2_IRQHandler
                0x08000360                SPI1_IRQHandler
                0x08000360                TIM6_DAC_IRQHandler
                0x08000360                TIM1_BRK_TIM9_IRQHandler
                0x08000360                DCMI_IRQHandler
                0x08000360                DMA2_Stream3_IRQHandler
                0x08000360                USART6_IRQHandler
                0x08000360                USART3_IRQHandler
                0x08000360                CRYP_IRQHandler
                0x08000360                CAN1_RX1_IRQHandler
                0x08000360                UART5_IRQHandler
                0x08000360                DMA2_Stream0_IRQHandler
                0x08000360                TIM4_IRQHandler
                0x08000360                I2C1_EV_IRQHandler
                0x08000360                DMA1_Stream6_IRQHandler
                0x08000360                DMA1_Stream1_IRQHandler
                0x08000360                UART4_IRQHandler
                0x08000360                TIM3_IRQHandler
                0x08000360                RCC_IRQHandler
                0x08000360                TIM8_BRK_TIM12_IRQHandler
                0x08000360                Default_Handler
                0x08000360                EXTI15_10_IRQHandler
                0x08000360                ADC_IRQHandler
                0x08000360                DMA1_Stream7_IRQHandler
                0x08000360                TIM7_IRQHandler
                0x08000360                CAN2_TX_IRQHandler
                0x08000360                DMA2_Stream7_IRQHandler
                0x08000360                I2C3_EV_IRQHandler
                0x08000360                EXTI9_5_IRQHandler
                0x08000360                RTC_WKUP_IRQHandler
                0x08000360                ETH_WKUP_IRQHandler
                0x08000360                SPI2_IRQHandler
                0x08000360                OTG_HS_EP1_IN_IRQHandler
                0x08000360                DMA1_Stream0_IRQHandler
                0x08000360                CAN1_TX_IRQHandler
                0x08000360                EXTI4_IRQHandler
                0x08000360                FSMC_IRQHandler
                0x08000360                ETH_IRQHandler
                0x08000360                OTG_HS_EP1_OUT_IRQHandler
                0x08000360                WWDG_IRQHandler
                0x08000360                TIM2_IRQHandler
                0x08000360                OTG_FS_WKUP_IRQHandler
                0x08000360                TIM1_TRG_COM_TIM11_IRQHandler
                0x08000360                OTG_HS_IRQHandler
                0x08000360                EXTI1_IRQHandler
                0x08000360                USART2_IRQHandler
                0x08000360                I2C2_ER_IRQHandler
                0x08000360                DMA2_Stream1_IRQHandler
                0x08000360                CAN1_SCE_IRQHandler
                0x08000360                FLASH_IRQHandler
                0x08000360                DMA2_Stream4_IRQHandler
                0x08000360                USART1_IRQHandler
                0x08000360                OTG_FS_IRQHandler
                0x08000360                SPI3_IRQHandler
                0x08000360                DMA1_Stream4_IRQHandler
                0x08000360                I2C1_ER_IRQHandler
                0x08000360                DMA2_Stream6_IRQHandler
                0x08000360                DMA1_Stream3_IRQHandler
 *fill*         0x08000362        0x2 
 .text.get_timer_clock_frequency
                0x08000364       0x30 src/TIMhelper.o
                0x08000364                get_timer_clock_frequency
 .text.InitCommande
                0x08000394       0x70 src/commande.o
                0x08000394                InitCommande
 .text.DispatchNoMsg
                0x08000404       0xa8 src/commande.o
                0x08000404                DispatchNoMsg
 .text.DispatchNewCommande
                0x080004ac      0x190 src/commande.o
                0x080004ac                DispatchNewCommande
 .text.DispatchNextCommande
                0x0800063c       0xec src/commande.o
                0x0800063c                DispatchNextCommande
 .text.AjoutPoint
                0x08000728       0xa0 src/commande.o
                0x08000728                AjoutPoint
 .text.Convert8to32
                0x080007c8       0x5c src/commande.o
                0x080007c8                Convert8to32
 .text.LectureState
                0x08000824      0x67c src/commande.o
                0x08000824                LectureState
 .text.EnvoiOcteEtat
                0x08000ea0       0x78 src/commande.o
                0x08000ea0                EnvoiOcteEtat
 .text.Put16    0x08000f18       0x38 src/commande.o
                0x08000f18                Put16
 .text.Put32    0x08000f50       0x54 src/commande.o
                0x08000f50                Put32
 .text.SendInfoCommande
                0x08000fa4       0x1c src/commande.o
                0x08000fa4                SendInfoCommande
 .text.RAZ      0x08000fc0      0x128 src/commande.o
                0x08000fc0                RAZ
 .text.RenvoiPoint
                0x080010e8       0x78 src/commande.o
                0x080010e8                RenvoiPoint
 .text.GetMaxPosition
                0x08001160       0x14 src/configurations.o
                0x08001160                GetMaxPosition
 .text.GetMinPosition
                0x08001174       0x14 src/configurations.o
                0x08001174                GetMinPosition
 .text.GetPosOrigine
                0x08001188       0x1c src/configurations.o
                0x08001188                GetPosOrigine
 .text.GetUMax  0x080011a4       0x14 src/configurations.o
                0x080011a4                GetUMax
 .text.GetUMin  0x080011b8       0x14 src/configurations.o
                0x080011b8                GetUMin
 .text.GetUTableau
                0x080011cc       0x14 src/configurations.o
                0x080011cc                GetUTableau
 .text.GetUStat
                0x080011e0       0x14 src/configurations.o
                0x080011e0                GetUStat
 .text.GetUInit
                0x080011f4       0x14 src/configurations.o
                0x080011f4                GetUInit
 .text.GetUModeVitesse
                0x08001208       0x14 src/configurations.o
                0x08001208                GetUModeVitesse
 .text.GetPasVis
                0x0800121c       0x14 src/configurations.o
                0x0800121c                GetPasVis
 .text.GetDecalageDecrochage
                0x08001230       0x14 src/configurations.o
                0x08001230                GetDecalageDecrochage
 .text.GetDecalageDecrochageArret
                0x08001244       0x14 src/configurations.o
                0x08001244                GetDecalageDecrochageArret
 .text.GetToleranceMvt
                0x08001258       0x10 src/configurations.o
                0x08001258                GetToleranceMvt
 .text.GetNiveauAsstPos
                0x08001268       0x10 src/configurations.o
                0x08001268                GetNiveauAsstPos
 .text.GetAdressePropre
                0x08001278       0x10 src/configurations.o
                0x08001278                GetAdressePropre
 .text.GetAdresseDest
                0x08001288       0x10 src/configurations.o
                0x08001288                GetAdresseDest
 .text.GetAdresseDestMC
                0x08001298       0x10 src/configurations.o
                0x08001298                GetAdresseDestMC
 .text.InitCan  0x080012a8      0x1e0 src/custom_can.o
                0x080012a8                InitCan
 .text.SendCan  0x08001488       0xd4 src/custom_can.o
                0x08001488                SendCan
 .text.ReciveCan
                0x0800155c       0xdc src/custom_can.o
                0x0800155c                ReciveCan
 .text.DebugerCanPrintMsgTx
                0x08001638       0xac src/custom_can.o
                0x08001638                DebugerCanPrintMsgTx
 .text.DebugerCanPrintMsgRx
                0x080016e4       0xc0 src/custom_can.o
                0x080016e4                DebugerCanPrintMsgRx
 .text.GetCan   0x080017a4       0x4c src/custom_can.o
                0x080017a4                GetCan
 .text.InitStructCodeur
                0x080017f0       0x44 src/custom_codeur.o
                0x080017f0                InitStructCodeur
 .text.InitCodeur
                0x08001834       0x68 src/custom_codeur.o
                0x08001834                InitCodeur
 .text.InitSSICodeur
                0x0800189c       0x2c src/custom_codeur.o
                0x0800189c                InitSSICodeur
 .text.RecupePosAbsSSICodeur
                0x080018c8       0x74 src/custom_codeur.o
                0x080018c8                RecupePosAbsSSICodeur
 .text.GetNextBitSSICodeur
                0x0800193c       0x5c src/custom_codeur.o
                0x0800193c                GetNextBitSSICodeur
 .text.DeInitSSICodeur
                0x08001998       0x34 src/custom_codeur.o
                0x08001998                DeInitSSICodeur
 .text.ClearPendingBitSSICodeur
                0x080019cc       0x14 src/custom_codeur.o
                0x080019cc                ClearPendingBitSSICodeur
 .text.DecodeSSIMsgCodeur
                0x080019e0       0xbc src/custom_codeur.o
                0x080019e0                DecodeSSIMsgCodeur
 .text.InitTimerCodeur
                0x08001a9c       0x84 src/custom_codeur.o
                0x08001a9c                InitTimerCodeur
 .text.InitGpioCodeur
                0x08001b20       0xa4 src/custom_codeur.o
                0x08001b20                InitGpioCodeur
 .text.SuperCradeSolutionCodeur
                0x08001bc4       0x70 src/custom_codeur.o
                0x08001bc4                SuperCradeSolutionCodeur
 .text.GpioDebugLedInit
                0x08001c34       0x4c src/custom_gpio.o
                0x08001c34                GpioDebugLedInit
 .text.ToggleLed
                0x08001c80       0x58 src/custom_gpio.o
                0x08001c80                ToggleLed
 .text.DispatchLedCommande
                0x08001cd8       0x60 src/custom_gpio.o
                0x08001cd8                DispatchLedCommande
 .text.NVIC_CAN_Init
                0x08001d38       0x24 src/custom_nvic.o
                0x08001d38                NVIC_CAN_Init
 .text.DebugerPrint
                0x08001d5c       0x40 src/debugger.o
                0x08001d5c                DebugerPrint
 .text.DebugerPrintNum
                0x08001d9c       0x90 src/debugger.o
                0x08001d9c                DebugerPrintNum
 .text.DebugerDelay
                0x08001e2c       0x14 src/debugger.o
                0x08001e2c                DebugerDelay
 .text.DebugerInit
                0x08001e40       0x3c src/debugger.o
                0x08001e40                DebugerInit
 .text.DebugerReset
                0x08001e7c       0x1c src/debugger.o
                0x08001e7c                DebugerReset
 .text.NVIC_SetPriority
                0x08001e98       0x54 src/main.o
 .text.NVIC_SystemReset
                0x08001eec       0x28 src/main.o
 .text.SysTick_Config
                0x08001f14       0x44 src/main.o
 .text.ITM_SendChar
                0x08001f58       0x5c src/main.o
 .text.main     0x08001fb4       0x9c src/main.o
                0x08001fb4                main
 .text.Delay    0x08002050       0x28 src/main.o
 .text.TimingDelay_Decrement
                0x08002078       0x24 src/main.o
                0x08002078                TimingDelay_Decrement
 .text.DelayInit_1ms
                0x0800209c       0x24 src/main.o
 .text.init     0x080020c0       0x58 src/main.o
 .text.new_instance
                0x08002118       0x50 src/state.o
                0x08002118                new_instance
 .text.get_instance
                0x08002168       0x2c src/state.o
                0x08002168                get_instance
 .text.PASUTILISER_getnext
                0x08002194       0x74 src/state.o
                0x08002194                PASUTILISER_getnext
 .text.PASUTILISER_setnext
                0x08002208       0x64 src/state.o
                0x08002208                PASUTILISER_setnext
 .text.PASUTILISER_setoldcommande
                0x0800226c       0x34 src/state.o
                0x0800226c                PASUTILISER_setoldcommande
 .text.TestState
                0x080022a0       0xa4 src/state.o
                0x080022a0                TestState
 .text.PASUTILISER_reset
                0x08002344       0x44 src/state.o
                0x08002344                PASUTILISER_reset
 .text.NMI_Handler
                0x08002388        0xc src/stm32f4xx_it.o
                0x08002388                NMI_Handler
 .text.HardFault_Handler
                0x08002394        0x8 src/stm32f4xx_it.o
                0x08002394                HardFault_Handler
 .text.MemManage_Handler
                0x0800239c        0x8 src/stm32f4xx_it.o
                0x0800239c                MemManage_Handler
 .text.BusFault_Handler
                0x080023a4        0x8 src/stm32f4xx_it.o
                0x080023a4                BusFault_Handler
 .text.UsageFault_Handler
                0x080023ac        0x8 src/stm32f4xx_it.o
                0x080023ac                UsageFault_Handler
 .text.SVC_Handler
                0x080023b4        0xc src/stm32f4xx_it.o
                0x080023b4                SVC_Handler
 .text.DebugMon_Handler
                0x080023c0        0xc src/stm32f4xx_it.o
                0x080023c0                DebugMon_Handler
 .text.PendSV_Handler
                0x080023cc        0xc src/stm32f4xx_it.o
                0x080023cc                PendSV_Handler
 .text.SysTick_Handler
                0x080023d8        0xc src/stm32f4xx_it.o
                0x080023d8                SysTick_Handler
 .text.CAN1_RX0_IRQHandler
                0x080023e4       0x40 src/stm32f4xx_it.o
                0x080023e4                CAN1_RX0_IRQHandler
 .text.CAN2_RX0_IRQHandler
                0x08002424       0x40 src/stm32f4xx_it.o
                0x08002424                CAN2_RX0_IRQHandler
 .text.TIM5_IRQHandler
                0x08002464       0x18 src/stm32f4xx_it.o
                0x08002464                TIM5_IRQHandler
 .text.DestroyCAN_Msg
                0x0800247c       0x20 src/struct_can_msg.o
                0x0800247c                DestroyCAN_Msg
 .text._sbrk    0x0800249c       0x40 src/syscalls.o
                0x0800249c                _sbrk
 .text.SystemInit
                0x080024dc       0x68 src/system_stm32f4xx.o
                0x080024dc                SystemInit
 .text.SetSysClock
                0x08002544       0xf4 src/system_stm32f4xx.o
 .text.NVIC_Init
                0x08002638       0xc0 /home/pooki/Documents/code/Mips/STM32 PMSM FOC LIB/stm32f4discovery_stdperiph_lib/Debug/libstm32f4discovery_stdperiph_lib.a(misc.o)
                0x08002638                NVIC_Init
 .text.CAN_DeInit
                0x080026f8       0x44 /home/pooki/Documents/code/Mips/STM32 PMSM FOC LIB/stm32f4discovery_stdperiph_lib/Debug/libstm32f4discovery_stdperiph_lib.a(stm32f4xx_can.o)
                0x080026f8                CAN_DeInit
 .text.CAN_Init
                0x0800273c      0x1a4 /home/pooki/Documents/code/Mips/STM32 PMSM FOC LIB/stm32f4discovery_stdperiph_lib/Debug/libstm32f4discovery_stdperiph_lib.a(stm32f4xx_can.o)
                0x0800273c                CAN_Init
 .text.CAN_FilterInit
                0x080028e0      0x174 /home/pooki/Documents/code/Mips/STM32 PMSM FOC LIB/stm32f4discovery_stdperiph_lib/Debug/libstm32f4discovery_stdperiph_lib.a(stm32f4xx_can.o)
                0x080028e0                CAN_FilterInit
 .text.CAN_Transmit
                0x08002a54      0x190 /home/pooki/Documents/code/Mips/STM32 PMSM FOC LIB/stm32f4discovery_stdperiph_lib/Debug/libstm32f4discovery_stdperiph_lib.a(stm32f4xx_can.o)
                0x08002a54                CAN_Transmit
 .text.CAN_TransmitStatus
                0x08002be4       0xd4 /home/pooki/Documents/code/Mips/STM32 PMSM FOC LIB/stm32f4discovery_stdperiph_lib/Debug/libstm32f4discovery_stdperiph_lib.a(stm32f4xx_can.o)
                0x08002be4                CAN_TransmitStatus
 .text.CAN_Receive
                0x08002cb8      0x170 /home/pooki/Documents/code/Mips/STM32 PMSM FOC LIB/stm32f4discovery_stdperiph_lib/Debug/libstm32f4discovery_stdperiph_lib.a(stm32f4xx_can.o)
                0x08002cb8                CAN_Receive
 .text.CAN_ITConfig
                0x08002e28       0x3c /home/pooki/Documents/code/Mips/STM32 PMSM FOC LIB/stm32f4discovery_stdperiph_lib/Debug/libstm32f4discovery_stdperiph_lib.a(stm32f4xx_can.o)
                0x08002e28                CAN_ITConfig
 .text.CRC_CalcCRC
                0x08002e64       0x24 /home/pooki/Documents/code/Mips/STM32 PMSM FOC LIB/stm32f4discovery_stdperiph_lib/Debug/libstm32f4discovery_stdperiph_lib.a(stm32f4xx_crc.o)
                0x08002e64                CRC_CalcCRC
 .text.GPIO_Init
                0x08002e88      0x11c /home/pooki/Documents/code/Mips/STM32 PMSM FOC LIB/stm32f4discovery_stdperiph_lib/Debug/libstm32f4discovery_stdperiph_lib.a(stm32f4xx_gpio.o)
                0x08002e88                GPIO_Init
 .text.GPIO_ReadOutputDataBit
                0x08002fa4       0x34 /home/pooki/Documents/code/Mips/STM32 PMSM FOC LIB/stm32f4discovery_stdperiph_lib/Debug/libstm32f4discovery_stdperiph_lib.a(stm32f4xx_gpio.o)
                0x08002fa4                GPIO_ReadOutputDataBit
 .text.GPIO_SetBits
                0x08002fd8       0x1c /home/pooki/Documents/code/Mips/STM32 PMSM FOC LIB/stm32f4discovery_stdperiph_lib/Debug/libstm32f4discovery_stdperiph_lib.a(stm32f4xx_gpio.o)
                0x08002fd8                GPIO_SetBits
 .text.GPIO_ResetBits
                0x08002ff4       0x1c /home/pooki/Documents/code/Mips/STM32 PMSM FOC LIB/stm32f4discovery_stdperiph_lib/Debug/libstm32f4discovery_stdperiph_lib.a(stm32f4xx_gpio.o)
                0x08002ff4                GPIO_ResetBits
 .text.GPIO_WriteBit
                0x08003010       0x30 /home/pooki/Documents/code/Mips/STM32 PMSM FOC LIB/stm32f4discovery_stdperiph_lib/Debug/libstm32f4discovery_stdperiph_lib.a(stm32f4xx_gpio.o)
                0x08003010                GPIO_WriteBit
 .text.GPIO_ToggleBits
                0x08003040       0x24 /home/pooki/Documents/code/Mips/STM32 PMSM FOC LIB/stm32f4discovery_stdperiph_lib/Debug/libstm32f4discovery_stdperiph_lib.a(stm32f4xx_gpio.o)
                0x08003040                GPIO_ToggleBits
 .text.GPIO_PinAFConfig
                0x08003064       0x90 /home/pooki/Documents/code/Mips/STM32 PMSM FOC LIB/stm32f4discovery_stdperiph_lib/Debug/libstm32f4discovery_stdperiph_lib.a(stm32f4xx_gpio.o)
                0x08003064                GPIO_PinAFConfig
 .text.RCC_GetClocksFreq
                0x080030f4      0x154 /home/pooki/Documents/code/Mips/STM32 PMSM FOC LIB/stm32f4discovery_stdperiph_lib/Debug/libstm32f4discovery_stdperiph_lib.a(stm32f4xx_rcc.o)
                0x080030f4                RCC_GetClocksFreq
 .text.RCC_AHB1PeriphClockCmd
                0x08003248       0x3c /home/pooki/Documents/code/Mips/STM32 PMSM FOC LIB/stm32f4discovery_stdperiph_lib/Debug/libstm32f4discovery_stdperiph_lib.a(stm32f4xx_rcc.o)
                0x08003248                RCC_AHB1PeriphClockCmd
 .text.RCC_APB1PeriphClockCmd
                0x08003284       0x3c /home/pooki/Documents/code/Mips/STM32 PMSM FOC LIB/stm32f4discovery_stdperiph_lib/Debug/libstm32f4discovery_stdperiph_lib.a(stm32f4xx_rcc.o)
                0x08003284                RCC_APB1PeriphClockCmd
 .text.RCC_APB1PeriphResetCmd
                0x080032c0       0x3c /home/pooki/Documents/code/Mips/STM32 PMSM FOC LIB/stm32f4discovery_stdperiph_lib/Debug/libstm32f4discovery_stdperiph_lib.a(stm32f4xx_rcc.o)
                0x080032c0                RCC_APB1PeriphResetCmd
 .text.TIM_TimeBaseInit
                0x080032fc       0xd4 /home/pooki/Documents/code/Mips/STM32 PMSM FOC LIB/stm32f4discovery_stdperiph_lib/Debug/libstm32f4discovery_stdperiph_lib.a(stm32f4xx_tim.o)
                0x080032fc                TIM_TimeBaseInit
 .text.TIM_TimeBaseStructInit
                0x080033d0       0x34 /home/pooki/Documents/code/Mips/STM32 PMSM FOC LIB/stm32f4discovery_stdperiph_lib/Debug/libstm32f4discovery_stdperiph_lib.a(stm32f4xx_tim.o)
                0x080033d0                TIM_TimeBaseStructInit
 .text.TIM_Cmd  0x08003404       0x40 /home/pooki/Documents/code/Mips/STM32 PMSM FOC LIB/stm32f4discovery_stdperiph_lib/Debug/libstm32f4discovery_stdperiph_lib.a(stm32f4xx_tim.o)
                0x08003404                TIM_Cmd
 .text.TIM_CtrlPWMOutputs
                0x08003444       0x4c /home/pooki/Documents/code/Mips/STM32 PMSM FOC LIB/stm32f4discovery_stdperiph_lib/Debug/libstm32f4discovery_stdperiph_lib.a(stm32f4xx_tim.o)
                0x08003444                TIM_CtrlPWMOutputs
 .text.TIM_ClearITPendingBit
                0x08003490       0x20 /home/pooki/Documents/code/Mips/STM32 PMSM FOC LIB/stm32f4discovery_stdperiph_lib/Debug/libstm32f4discovery_stdperiph_lib.a(stm32f4xx_tim.o)
                0x08003490                TIM_ClearITPendingBit
 .text.calloc   0x080034b0       0x10 /home/pooki/Ac6/SystemWorkbench/plugins/fr.ac6.mcu.externaltools.arm-none.linux64_1.3.0.201507241112/tools/compiler/bin/../lib/gcc/arm-none-eabi/4.9.3/../../../../arm-none-eabi/lib/armv7e-m/fpu/libc.a(lib_a-calloc.o)
                0x080034b0                calloc
 .text._calloc_r
                0x080034c0       0x60 /home/pooki/Ac6/SystemWorkbench/plugins/fr.ac6.mcu.externaltools.arm-none.linux64_1.3.0.201507241112/tools/compiler/bin/../lib/gcc/arm-none-eabi/4.9.3/../../../../arm-none-eabi/lib/armv7e-m/fpu/libc.a(lib_a-callocr.o)
                0x080034c0                _calloc_r
 .text.__libc_init_array
                0x08003520       0x50 /home/pooki/Ac6/SystemWorkbench/plugins/fr.ac6.mcu.externaltools.arm-none.linux64_1.3.0.201507241112/tools/compiler/bin/../lib/gcc/arm-none-eabi/4.9.3/../../../../arm-none-eabi/lib/armv7e-m/fpu/libc.a(lib_a-init.o)
                0x08003520                __libc_init_array
 .text.malloc   0x08003570       0x10 /home/pooki/Ac6/SystemWorkbench/plugins/fr.ac6.mcu.externaltools.arm-none.linux64_1.3.0.201507241112/tools/compiler/bin/../lib/gcc/arm-none-eabi/4.9.3/../../../../arm-none-eabi/lib/armv7e-m/fpu/libc.a(lib_a-malloc.o)
                0x08003570                malloc
 .text.free     0x08003580       0x10 /home/pooki/Ac6/SystemWorkbench/plugins/fr.ac6.mcu.externaltools.arm-none.linux64_1.3.0.201507241112/tools/compiler/bin/../lib/gcc/arm-none-eabi/4.9.3/../../../../arm-none-eabi/lib/armv7e-m/fpu/libc.a(lib_a-malloc.o)
                0x08003580                free
 .text._malloc_r
                0x08003590      0x524 /home/pooki/Ac6/SystemWorkbench/plugins/fr.ac6.mcu.externaltools.arm-none.linux64_1.3.0.201507241112/tools/compiler/bin/../lib/gcc/arm-none-eabi/4.9.3/../../../../arm-none-eabi/lib/armv7e-m/fpu/libc.a(lib_a-mallocr.o)
                0x08003590                _malloc_r
 .text.memset   0x08003ab4       0x9c /home/pooki/Ac6/SystemWorkbench/plugins/fr.ac6.mcu.externaltools.arm-none.linux64_1.3.0.201507241112/tools/compiler/bin/../lib/gcc/arm-none-eabi/4.9.3/../../../../arm-none-eabi/lib/armv7e-m/fpu/libc.a(lib_a-memset.o)
                0x08003ab4                memset
 .text.__malloc_lock
                0x08003b50        0x4 /home/pooki/Ac6/SystemWorkbench/plugins/fr.ac6.mcu.externaltools.arm-none.linux64_1.3.0.201507241112/tools/compiler/bin/../lib/gcc/arm-none-eabi/4.9.3/../../../../arm-none-eabi/lib/armv7e-m/fpu/libc.a(lib_a-mlock.o)
                0x08003b50                __malloc_lock
 .text.__malloc_unlock
                0x08003b54        0x4 /home/pooki/Ac6/SystemWorkbench/plugins/fr.ac6.mcu.externaltools.arm-none.linux64_1.3.0.201507241112/tools/compiler/bin/../lib/gcc/arm-none-eabi/4.9.3/../../../../arm-none-eabi/lib/armv7e-m/fpu/libc.a(lib_a-mlock.o)
                0x08003b54                __malloc_unlock
 .text._sbrk_r  0x08003b58       0x24 /home/pooki/Ac6/SystemWorkbench/plugins/fr.ac6.mcu.externaltools.arm-none.linux64_1.3.0.201507241112/tools/compiler/bin/../lib/gcc/arm-none-eabi/4.9.3/../../../../arm-none-eabi/lib/armv7e-m/fpu/libc.a(lib_a-sbrkr.o)
                0x08003b58                _sbrk_r
 .text.startup.register_fini
                0x08003b7c       0x14 /home/pooki/Ac6/SystemWorkbench/plugins/fr.ac6.mcu.externaltools.arm-none.linux64_1.3.0.201507241112/tools/compiler/bin/../lib/gcc/arm-none-eabi/4.9.3/../../../../arm-none-eabi/lib/armv7e-m/fpu/libc.a(lib_a-__call_atexit.o)
 .text.atexit   0x08003b90        0xc /home/pooki/Ac6/SystemWorkbench/plugins/fr.ac6.mcu.externaltools.arm-none.linux64_1.3.0.201507241112/tools/compiler/bin/../lib/gcc/arm-none-eabi/4.9.3/../../../../arm-none-eabi/lib/armv7e-m/fpu/libc.a(lib_a-atexit.o)
                0x08003b90                atexit
 .text.__libc_fini_array
                0x08003b9c       0x2c /home/pooki/Ac6/SystemWorkbench/plugins/fr.ac6.mcu.externaltools.arm-none.linux64_1.3.0.201507241112/tools/compiler/bin/../lib/gcc/arm-none-eabi/4.9.3/../../../../arm-none-eabi/lib/armv7e-m/fpu/libc.a(lib_a-fini.o)
                0x08003b9c                __libc_fini_array
 .text._malloc_trim_r
                0x08003bc8       0x9c /home/pooki/Ac6/SystemWorkbench/plugins/fr.ac6.mcu.externaltools.arm-none.linux64_1.3.0.201507241112/tools/compiler/bin/../lib/gcc/arm-none-eabi/4.9.3/../../../../arm-none-eabi/lib/armv7e-m/fpu/libc.a(lib_a-freer.o)
                0x08003bc8                _malloc_trim_r
 .text._free_r  0x08003c64      0x1b0 /home/pooki/Ac6/SystemWorkbench/plugins/fr.ac6.mcu.externaltools.arm-none.linux64_1.3.0.201507241112/tools/compiler/bin/../lib/gcc/arm-none-eabi/4.9.3/../../../../arm-none-eabi/lib/armv7e-m/fpu/libc.a(lib_a-freer.o)
                0x08003c64                _free_r
 .text.__register_exitproc
                0x08003e14       0xa4 /home/pooki/Ac6/SystemWorkbench/plugins/fr.ac6.mcu.externaltools.arm-none.linux64_1.3.0.201507241112/tools/compiler/bin/../lib/gcc/arm-none-eabi/4.9.3/../../../../arm-none-eabi/lib/armv7e-m/fpu/libc.a(lib_a-__atexit.o)
                0x08003e14                __register_exitproc
 *(.rodata)
 .rodata        0x08003eb8      0x184 src/commande.o
 .rodata        0x0800403c       0xd4 src/custom_can.o
 .rodata        0x08004110      0x410 src/custom_codeur.o
 .rodata        0x08004520       0x20 src/debugger.o
 .rodata        0x08004540       0x20 src/main.o
 .rodata        0x08004560       0x94 src/state.o
 .rodata        0x080045f4       0xa4 src/stm32f4xx_it.o
 *(.rodata*)
 .rodata.str1.4
                0x08004698        0x4 /home/pooki/Ac6/SystemWorkbench/plugins/fr.ac6.mcu.externaltools.arm-none.linux64_1.3.0.201507241112/tools/compiler/bin/../lib/gcc/arm-none-eabi/4.9.3/../../../../arm-none-eabi/lib/armv7e-m/fpu/libc.a(lib_a-impure.o)
 .rodata._global_impure_ptr
                0x0800469c        0x4 /home/pooki/Ac6/SystemWorkbench/plugins/fr.ac6.mcu.externaltools.arm-none.linux64_1.3.0.201507241112/tools/compiler/bin/../lib/gcc/arm-none-eabi/4.9.3/../../../../arm-none-eabi/lib/armv7e-m/fpu/libc.a(lib_a-impure.o)
                0x0800469c                _global_impure_ptr
 *(.glue_7)
 .glue_7        0x00000000        0x0 linker stubs
 *(.glue_7t)
 .glue_7t       0x00000000        0x0 linker stubs
 *(.eh_frame)
 .eh_frame      0x080046a0        0x0 /home/pooki/Ac6/SystemWorkbench/plugins/fr.ac6.mcu.externaltools.arm-none.linux64_1.3.0.201507241112/tools/compiler/bin/../lib/gcc/arm-none-eabi/4.9.3/armv7e-m/fpu/crtbegin.o
 *(.init)
 .init          0x080046a0        0x4 /home/pooki/Ac6/SystemWorkbench/plugins/fr.ac6.mcu.externaltools.arm-none.linux64_1.3.0.201507241112/tools/compiler/bin/../lib/gcc/arm-none-eabi/4.9.3/armv7e-m/fpu/crti.o
                0x080046a0                _init
 .init          0x080046a4        0x8 /home/pooki/Ac6/SystemWorkbench/plugins/fr.ac6.mcu.externaltools.arm-none.linux64_1.3.0.201507241112/tools/compiler/bin/../lib/gcc/arm-none-eabi/4.9.3/armv7e-m/fpu/crtn.o
 *(.fini)
 .fini          0x080046ac        0x4 /home/pooki/Ac6/SystemWorkbench/plugins/fr.ac6.mcu.externaltools.arm-none.linux64_1.3.0.201507241112/tools/compiler/bin/../lib/gcc/arm-none-eabi/4.9.3/armv7e-m/fpu/crti.o
                0x080046ac                _fini
 .fini          0x080046b0        0x8 /home/pooki/Ac6/SystemWorkbench/plugins/fr.ac6.mcu.externaltools.arm-none.linux64_1.3.0.201507241112/tools/compiler/bin/../lib/gcc/arm-none-eabi/4.9.3/armv7e-m/fpu/crtn.o
                0x080046b8                . = ALIGN (0x4)
                0x080046b8                _etext = .

.vfp11_veneer   0x080046b8        0x0
 .vfp11_veneer  0x00000000        0x0 linker stubs

.v4_bx          0x080046b8        0x0
 .v4_bx         0x00000000        0x0 linker stubs

.iplt           0x080046b8        0x0
 .iplt          0x00000000        0x0 /home/pooki/Ac6/SystemWorkbench/plugins/fr.ac6.mcu.externaltools.arm-none.linux64_1.3.0.201507241112/tools/compiler/bin/../lib/gcc/arm-none-eabi/4.9.3/armv7e-m/fpu/crtbegin.o

.rel.dyn        0x080046b8        0x0
 .rel.iplt      0x00000000        0x0 /home/pooki/Ac6/SystemWorkbench/plugins/fr.ac6.mcu.externaltools.arm-none.linux64_1.3.0.201507241112/tools/compiler/bin/../lib/gcc/arm-none-eabi/4.9.3/armv7e-m/fpu/crtbegin.o

.ARM.extab
 *(.ARM.extab* .gnu.linkonce.armextab.*)

.ARM            0x080046b8        0x0
                0x080046b8                __exidx_start = .
 *(.ARM.exidx*)
                0x080046b8                __exidx_end = .

.preinit_array  0x080046b8        0x0
                0x080046b8                PROVIDE (__preinit_array_start, .)
 *(.preinit_array*)
                0x080046b8                PROVIDE (__preinit_array_end, .)

.init_array     0x080046b8        0xc
                0x080046b8                PROVIDE (__init_array_start, .)
 *(SORT(.init_array.*))
 .init_array.00000
                0x080046b8        0x4 /home/pooki/Ac6/SystemWorkbench/plugins/fr.ac6.mcu.externaltools.arm-none.linux64_1.3.0.201507241112/tools/compiler/bin/../lib/gcc/arm-none-eabi/4.9.3/../../../../arm-none-eabi/lib/armv7e-m/fpu/libc.a(lib_a-__call_atexit.o)
 *(.init_array*)
 .init_array    0x080046bc        0x4 /home/pooki/Ac6/SystemWorkbench/plugins/fr.ac6.mcu.externaltools.arm-none.linux64_1.3.0.201507241112/tools/compiler/bin/../lib/gcc/arm-none-eabi/4.9.3/armv7e-m/fpu/crtbegin.o
 .init_array    0x080046c0        0x4 src/main.o
                0x080046c4                PROVIDE (__init_array_end, .)

.fini_array     0x080046c4        0x4
                0x080046c4                PROVIDE (__fini_array_start, .)
 *(.fini_array*)
 .fini_array    0x080046c4        0x4 /home/pooki/Ac6/SystemWorkbench/plugins/fr.ac6.mcu.externaltools.arm-none.linux64_1.3.0.201507241112/tools/compiler/bin/../lib/gcc/arm-none-eabi/4.9.3/armv7e-m/fpu/crtbegin.o
 *(SORT(.fini_array.*))
                0x080046c8                PROVIDE (__fini_array_end, .)
                0x080046c8                _sidata = .

.data           0x20000000      0x864 load address 0x080046c8
                0x20000000                . = ALIGN (0x4)
                0x20000000                _sdata = .
 *(.data)
 .data          0x20000000       0x14 src/system_stm32f4xx.o
                0x20000000                SystemCoreClock
                0x20000004                AHBPrescTable
 .data          0x20000014       0x10 /home/pooki/Documents/code/Mips/STM32 PMSM FOC LIB/stm32f4discovery_stdperiph_lib/Debug/libstm32f4discovery_stdperiph_lib.a(stm32f4xx_rcc.o)
 *(.data*)
 *fill*         0x20000024        0x4 
 .data.impure_data
                0x20000028      0x428 /home/pooki/Ac6/SystemWorkbench/plugins/fr.ac6.mcu.externaltools.arm-none.linux64_1.3.0.201507241112/tools/compiler/bin/../lib/gcc/arm-none-eabi/4.9.3/../../../../arm-none-eabi/lib/armv7e-m/fpu/libc.a(lib_a-impure.o)
 .data._impure_ptr
                0x20000450        0x4 /home/pooki/Ac6/SystemWorkbench/plugins/fr.ac6.mcu.externaltools.arm-none.linux64_1.3.0.201507241112/tools/compiler/bin/../lib/gcc/arm-none-eabi/4.9.3/../../../../arm-none-eabi/lib/armv7e-m/fpu/libc.a(lib_a-impure.o)
                0x20000450                _impure_ptr
 .data.__malloc_av_
                0x20000454      0x408 /home/pooki/Ac6/SystemWorkbench/plugins/fr.ac6.mcu.externaltools.arm-none.linux64_1.3.0.201507241112/tools/compiler/bin/../lib/gcc/arm-none-eabi/4.9.3/../../../../arm-none-eabi/lib/armv7e-m/fpu/libc.a(lib_a-mallocr.o)
                0x20000454                __malloc_av_
 .data.__malloc_trim_threshold
                0x2000085c        0x4 /home/pooki/Ac6/SystemWorkbench/plugins/fr.ac6.mcu.externaltools.arm-none.linux64_1.3.0.201507241112/tools/compiler/bin/../lib/gcc/arm-none-eabi/4.9.3/../../../../arm-none-eabi/lib/armv7e-m/fpu/libc.a(lib_a-mallocr.o)
                0x2000085c                __malloc_trim_threshold
 .data.__malloc_sbrk_base
                0x20000860        0x4 /home/pooki/Ac6/SystemWorkbench/plugins/fr.ac6.mcu.externaltools.arm-none.linux64_1.3.0.201507241112/tools/compiler/bin/../lib/gcc/arm-none-eabi/4.9.3/../../../../arm-none-eabi/lib/armv7e-m/fpu/libc.a(lib_a-mallocr.o)
                0x20000860                __malloc_sbrk_base
                0x20000864                . = ALIGN (0x4)
                0x20000864                _edata = .

.jcr            0x20000864        0x0 load address 0x08004f2c
 .jcr           0x20000864        0x0 /home/pooki/Ac6/SystemWorkbench/plugins/fr.ac6.mcu.externaltools.arm-none.linux64_1.3.0.201507241112/tools/compiler/bin/../lib/gcc/arm-none-eabi/4.9.3/armv7e-m/fpu/crtbegin.o

.igot.plt       0x20000864        0x0 load address 0x08004f2c
 .igot.plt      0x00000000        0x0 /home/pooki/Ac6/SystemWorkbench/plugins/fr.ac6.mcu.externaltools.arm-none.linux64_1.3.0.201507241112/tools/compiler/bin/../lib/gcc/arm-none-eabi/4.9.3/armv7e-m/fpu/crtbegin.o
                0x20000864                . = ALIGN (0x4)

.bss            0x20000864       0xbc load address 0x08004f2c
                0x20000864                _sbss = .
                0x20000864                __bss_start__ = _sbss
 *(.bss)
 .bss           0x20000864       0x1c /home/pooki/Ac6/SystemWorkbench/plugins/fr.ac6.mcu.externaltools.arm-none.linux64_1.3.0.201507241112/tools/compiler/bin/../lib/gcc/arm-none-eabi/4.9.3/armv7e-m/fpu/crtbegin.o
 .bss           0x20000880       0x14 src/commande.o
 .bss           0x20000894       0x18 src/custom_can.o
 .bss           0x200008ac       0x14 src/custom_codeur.o
 .bss           0x200008c0        0x1 src/custom_gpio.o
 *fill*         0x200008c1        0x3 
 .bss           0x200008c4       0x10 src/debugger.o
 .bss           0x200008d4        0x4 src/main.o
 .bss           0x200008d8        0x8 src/state.o
 .bss           0x200008e0        0x8 src/syscalls.o
                0x200008e0                __env
 *(.bss*)
 .bss.__malloc_max_total_mem
                0x200008e8        0x4 /home/pooki/Ac6/SystemWorkbench/plugins/fr.ac6.mcu.externaltools.arm-none.linux64_1.3.0.201507241112/tools/compiler/bin/../lib/gcc/arm-none-eabi/4.9.3/../../../../arm-none-eabi/lib/armv7e-m/fpu/libc.a(lib_a-mallocr.o)
                0x200008e8                __malloc_max_total_mem
 .bss.__malloc_max_sbrked_mem
                0x200008ec        0x4 /home/pooki/Ac6/SystemWorkbench/plugins/fr.ac6.mcu.externaltools.arm-none.linux64_1.3.0.201507241112/tools/compiler/bin/../lib/gcc/arm-none-eabi/4.9.3/../../../../arm-none-eabi/lib/armv7e-m/fpu/libc.a(lib_a-mallocr.o)
                0x200008ec                __malloc_max_sbrked_mem
 .bss.__malloc_top_pad
                0x200008f0        0x4 /home/pooki/Ac6/SystemWorkbench/plugins/fr.ac6.mcu.externaltools.arm-none.linux64_1.3.0.201507241112/tools/compiler/bin/../lib/gcc/arm-none-eabi/4.9.3/../../../../arm-none-eabi/lib/armv7e-m/fpu/libc.a(lib_a-mallocr.o)
                0x200008f0                __malloc_top_pad
 .bss.__malloc_current_mallinfo
                0x200008f4       0x28 /home/pooki/Ac6/SystemWorkbench/plugins/fr.ac6.mcu.externaltools.arm-none.linux64_1.3.0.201507241112/tools/compiler/bin/../lib/gcc/arm-none-eabi/4.9.3/../../../../arm-none-eabi/lib/armv7e-m/fpu/libc.a(lib_a-mallocr.o)
                0x200008f4                __malloc_current_mallinfo
 *(COMMON)
 COMMON         0x2000091c        0x4 /home/pooki/Ac6/SystemWorkbench/plugins/fr.ac6.mcu.externaltools.arm-none.linux64_1.3.0.201507241112/tools/compiler/bin/../lib/gcc/arm-none-eabi/4.9.3/../../../../arm-none-eabi/lib/armv7e-m/fpu/libc.a(lib_a-reent.o)
                0x2000091c                errno
                0x20000920                . = ALIGN (0x4)
                0x20000920                _ebss = .
                0x20000920                __bss_end__ = _ebss

._user_heap_stack
                0x20000920      0x400 load address 0x08004fe8
                0x20000920                . = ALIGN (0x8)
                0x20000920                PROVIDE (end, .)
                0x20000920                PROVIDE (_end, .)
                0x20000920                . = (. + _Min_Heap_Size)
                0x20000d20                . = (. + _Min_Stack_Size)
 *fill*         0x20000920      0x400 
                0x20000d20                . = ALIGN (0x8)

.memory_b1_text
 *(.mb1text)
 *(.mb1text*)
 *(.mb1rodata)
 *(.mb1rodata*)

/DISCARD/
 libc.a(*)
 libm.a(*)
 libgcc.a(*)

.ARM.attributes
                0x00000000       0x30
 *(.ARM.attributes)
 .ARM.attributes
                0x00000000       0x22 /home/pooki/Ac6/SystemWorkbench/plugins/fr.ac6.mcu.externaltools.arm-none.linux64_1.3.0.201507241112/tools/compiler/bin/../lib/gcc/arm-none-eabi/4.9.3/armv7e-m/fpu/crti.o
 .ARM.attributes
                0x00000022       0x34 /home/pooki/Ac6/SystemWorkbench/plugins/fr.ac6.mcu.externaltools.arm-none.linux64_1.3.0.201507241112/tools/compiler/bin/../lib/gcc/arm-none-eabi/4.9.3/armv7e-m/fpu/crtbegin.o
 .ARM.attributes
                0x00000056       0x21 startup/startup_stm32f4xx.o
 .ARM.attributes
                0x00000077       0x39 src/TIMhelper.o
 .ARM.attributes
                0x000000b0       0x39 src/commande.o
 .ARM.attributes
                0x000000e9       0x39 src/configurations.o
 .ARM.attributes
                0x00000122       0x39 src/custom_can.o
 .ARM.attributes
                0x0000015b       0x39 src/custom_codeur.o
 .ARM.attributes
                0x00000194       0x39 src/custom_gpio.o
 .ARM.attributes
                0x000001cd       0x39 src/custom_nvic.o
 .ARM.attributes
                0x00000206       0x39 src/debugger.o
 .ARM.attributes
                0x0000023f       0x39 src/main.o
 .ARM.attributes
                0x00000278       0x39 src/state.o
 .ARM.attributes
                0x000002b1       0x39 src/stm32f4xx_it.o
 .ARM.attributes
                0x000002ea       0x39 src/struct_can_msg.o
 .ARM.attributes
                0x00000323       0x39 src/syscalls.o
 .ARM.attributes
                0x0000035c       0x39 src/system_stm32f4xx.o
 .ARM.attributes
                0x00000395       0x39 /home/pooki/Documents/code/Mips/STM32 PMSM FOC LIB/stm32f4discovery_stdperiph_lib/Debug/libstm32f4discovery_stdperiph_lib.a(misc.o)
 .ARM.attributes
                0x000003ce       0x39 /home/pooki/Documents/code/Mips/STM32 PMSM FOC LIB/stm32f4discovery_stdperiph_lib/Debug/libstm32f4discovery_stdperiph_lib.a(stm32f4xx_can.o)
 .ARM.attributes
                0x00000407       0x39 /home/pooki/Documents/code/Mips/STM32 PMSM FOC LIB/stm32f4discovery_stdperiph_lib/Debug/libstm32f4discovery_stdperiph_lib.a(stm32f4xx_crc.o)
 .ARM.attributes
                0x00000440       0x39 /home/pooki/Documents/code/Mips/STM32 PMSM FOC LIB/stm32f4discovery_stdperiph_lib/Debug/libstm32f4discovery_stdperiph_lib.a(stm32f4xx_gpio.o)
 .ARM.attributes
                0x00000479       0x39 /home/pooki/Documents/code/Mips/STM32 PMSM FOC LIB/stm32f4discovery_stdperiph_lib/Debug/libstm32f4discovery_stdperiph_lib.a(stm32f4xx_rcc.o)
 .ARM.attributes
                0x000004b2       0x39 /home/pooki/Documents/code/Mips/STM32 PMSM FOC LIB/stm32f4discovery_stdperiph_lib/Debug/libstm32f4discovery_stdperiph_lib.a(stm32f4xx_tim.o)
 .ARM.attributes
                0x000004eb       0x34 /home/pooki/Ac6/SystemWorkbench/plugins/fr.ac6.mcu.externaltools.arm-none.linux64_1.3.0.201507241112/tools/compiler/bin/../lib/gcc/arm-none-eabi/4.9.3/../../../../arm-none-eabi/lib/armv7e-m/fpu/libc.a(lib_a-calloc.o)
 .ARM.attributes
                0x0000051f       0x34 /home/pooki/Ac6/SystemWorkbench/plugins/fr.ac6.mcu.externaltools.arm-none.linux64_1.3.0.201507241112/tools/compiler/bin/../lib/gcc/arm-none-eabi/4.9.3/../../../../arm-none-eabi/lib/armv7e-m/fpu/libc.a(lib_a-callocr.o)
 .ARM.attributes
                0x00000553       0x34 /home/pooki/Ac6/SystemWorkbench/plugins/fr.ac6.mcu.externaltools.arm-none.linux64_1.3.0.201507241112/tools/compiler/bin/../lib/gcc/arm-none-eabi/4.9.3/../../../../arm-none-eabi/lib/armv7e-m/fpu/libc.a(lib_a-impure.o)
 .ARM.attributes
                0x00000587       0x34 /home/pooki/Ac6/SystemWorkbench/plugins/fr.ac6.mcu.externaltools.arm-none.linux64_1.3.0.201507241112/tools/compiler/bin/../lib/gcc/arm-none-eabi/4.9.3/../../../../arm-none-eabi/lib/armv7e-m/fpu/libc.a(lib_a-init.o)
 .ARM.attributes
                0x000005bb       0x34 /home/pooki/Ac6/SystemWorkbench/plugins/fr.ac6.mcu.externaltools.arm-none.linux64_1.3.0.201507241112/tools/compiler/bin/../lib/gcc/arm-none-eabi/4.9.3/../../../../arm-none-eabi/lib/armv7e-m/fpu/libc.a(lib_a-malloc.o)
 .ARM.attributes
                0x000005ef       0x34 /home/pooki/Ac6/SystemWorkbench/plugins/fr.ac6.mcu.externaltools.arm-none.linux64_1.3.0.201507241112/tools/compiler/bin/../lib/gcc/arm-none-eabi/4.9.3/../../../../arm-none-eabi/lib/armv7e-m/fpu/libc.a(lib_a-mallocr.o)
 .ARM.attributes
                0x00000623       0x20 /home/pooki/Ac6/SystemWorkbench/plugins/fr.ac6.mcu.externaltools.arm-none.linux64_1.3.0.201507241112/tools/compiler/bin/../lib/gcc/arm-none-eabi/4.9.3/../../../../arm-none-eabi/lib/armv7e-m/fpu/libc.a(lib_a-memcpy.o)
 .ARM.attributes
                0x00000643       0x34 /home/pooki/Ac6/SystemWorkbench/plugins/fr.ac6.mcu.externaltools.arm-none.linux64_1.3.0.201507241112/tools/compiler/bin/../lib/gcc/arm-none-eabi/4.9.3/../../../../arm-none-eabi/lib/armv7e-m/fpu/libc.a(lib_a-memset.o)
 .ARM.attributes
                0x00000677       0x34 /home/pooki/Ac6/SystemWorkbench/plugins/fr.ac6.mcu.externaltools.arm-none.linux64_1.3.0.201507241112/tools/compiler/bin/../lib/gcc/arm-none-eabi/4.9.3/../../../../arm-none-eabi/lib/armv7e-m/fpu/libc.a(lib_a-mlock.o)
 .ARM.attributes
                0x000006ab       0x34 /home/pooki/Ac6/SystemWorkbench/plugins/fr.ac6.mcu.externaltools.arm-none.linux64_1.3.0.201507241112/tools/compiler/bin/../lib/gcc/arm-none-eabi/4.9.3/../../../../arm-none-eabi/lib/armv7e-m/fpu/libc.a(lib_a-reent.o)
 .ARM.attributes
                0x000006df       0x34 /home/pooki/Ac6/SystemWorkbench/plugins/fr.ac6.mcu.externaltools.arm-none.linux64_1.3.0.201507241112/tools/compiler/bin/../lib/gcc/arm-none-eabi/4.9.3/../../../../arm-none-eabi/lib/armv7e-m/fpu/libc.a(lib_a-sbrkr.o)
 .ARM.attributes
                0x00000713       0x34 /home/pooki/Ac6/SystemWorkbench/plugins/fr.ac6.mcu.externaltools.arm-none.linux64_1.3.0.201507241112/tools/compiler/bin/../lib/gcc/arm-none-eabi/4.9.3/../../../../arm-none-eabi/lib/armv7e-m/fpu/libc.a(lib_a-__call_atexit.o)
 .ARM.attributes
                0x00000747       0x34 /home/pooki/Ac6/SystemWorkbench/plugins/fr.ac6.mcu.externaltools.arm-none.linux64_1.3.0.201507241112/tools/compiler/bin/../lib/gcc/arm-none-eabi/4.9.3/../../../../arm-none-eabi/lib/armv7e-m/fpu/libc.a(lib_a-atexit.o)
 .ARM.attributes
                0x0000077b       0x34 /home/pooki/Ac6/SystemWorkbench/plugins/fr.ac6.mcu.externaltools.arm-none.linux64_1.3.0.201507241112/tools/compiler/bin/../lib/gcc/arm-none-eabi/4.9.3/../../../../arm-none-eabi/lib/armv7e-m/fpu/libc.a(lib_a-fini.o)
 .ARM.attributes
                0x000007af       0x34 /home/pooki/Ac6/SystemWorkbench/plugins/fr.ac6.mcu.externaltools.arm-none.linux64_1.3.0.201507241112/tools/compiler/bin/../lib/gcc/arm-none-eabi/4.9.3/../../../../arm-none-eabi/lib/armv7e-m/fpu/libc.a(lib_a-freer.o)
 .ARM.attributes
                0x000007e3       0x34 /home/pooki/Ac6/SystemWorkbench/plugins/fr.ac6.mcu.externaltools.arm-none.linux64_1.3.0.201507241112/tools/compiler/bin/../lib/gcc/arm-none-eabi/4.9.3/../../../../arm-none-eabi/lib/armv7e-m/fpu/libc.a(lib_a-__atexit.o)
 .ARM.attributes
                0x00000817       0x22 /home/pooki/Ac6/SystemWorkbench/plugins/fr.ac6.mcu.externaltools.arm-none.linux64_1.3.0.201507241112/tools/compiler/bin/../lib/gcc/arm-none-eabi/4.9.3/armv7e-m/fpu/crtn.o
OUTPUT(Rebuild.elf elf32-littlearm)

.debug_line     0x00000000     0x92ba
 .debug_line    0x00000000       0x7b startup/startup_stm32f4xx.o
 .debug_line    0x0000007b      0x6c5 src/TIMhelper.o
 .debug_line    0x00000740      0x698 src/commande.o
 .debug_line    0x00000dd8      0x43d src/configurations.o
 .debug_line    0x00001215      0x916 src/custom_can.o
 .debug_line    0x00001b2b      0x866 src/custom_codeur.o
 .debug_line    0x00002391      0x749 src/custom_gpio.o
 .debug_line    0x00002ada      0x709 src/custom_nvic.o
 .debug_line    0x000031e3      0x34b src/debugger.o
 .debug_line    0x0000352e      0x8a9 src/main.o
 .debug_line    0x00003dd7      0x484 src/state.o
 .debug_line    0x0000425b      0x7b4 src/stm32f4xx_it.o
 .debug_line    0x00004a0f      0x3bd src/struct_can_msg.o
 .debug_line    0x00004dcc      0x581 src/syscalls.o
 .debug_line    0x0000534d      0x721 src/system_stm32f4xx.o
 .debug_line    0x00005a6e      0x6cc /home/pooki/Documents/code/Mips/STM32 PMSM FOC LIB/stm32f4discovery_stdperiph_lib/Debug/libstm32f4discovery_stdperiph_lib.a(misc.o)
 .debug_line    0x0000613a      0x9d2 /home/pooki/Documents/code/Mips/STM32 PMSM FOC LIB/stm32f4discovery_stdperiph_lib/Debug/libstm32f4discovery_stdperiph_lib.a(stm32f4xx_can.o)
 .debug_line    0x00006b0c      0x6e7 /home/pooki/Documents/code/Mips/STM32 PMSM FOC LIB/stm32f4discovery_stdperiph_lib/Debug/libstm32f4discovery_stdperiph_lib.a(stm32f4xx_crc.o)
 .debug_line    0x000071f3      0x7c0 /home/pooki/Documents/code/Mips/STM32 PMSM FOC LIB/stm32f4discovery_stdperiph_lib/Debug/libstm32f4discovery_stdperiph_lib.a(stm32f4xx_gpio.o)
 .debug_line    0x000079b3      0xa1f /home/pooki/Documents/code/Mips/STM32 PMSM FOC LIB/stm32f4discovery_stdperiph_lib/Debug/libstm32f4discovery_stdperiph_lib.a(stm32f4xx_rcc.o)
 .debug_line    0x000083d2      0xee8 /home/pooki/Documents/code/Mips/STM32 PMSM FOC LIB/stm32f4discovery_stdperiph_lib/Debug/libstm32f4discovery_stdperiph_lib.a(stm32f4xx_tim.o)

.debug_info     0x00000000     0x8fe1
 .debug_info    0x00000000       0x84 startup/startup_stm32f4xx.o
 .debug_info    0x00000084      0x12e src/TIMhelper.o
 .debug_info    0x000001b2      0x948 src/commande.o
 .debug_info    0x00000afa      0x242 src/configurations.o
 .debug_info    0x00000d3c      0xa2c src/custom_can.o
 .debug_info    0x00001768      0xa59 src/custom_codeur.o
 .debug_info    0x000021c1      0x386 src/custom_gpio.o
 .debug_info    0x00002547      0x379 src/custom_nvic.o
 .debug_info    0x000028c0      0x23c src/debugger.o
 .debug_info    0x00002afc      0x951 src/main.o
 .debug_info    0x0000344d      0x5b0 src/state.o
 .debug_info    0x000039fd      0x55f src/stm32f4xx_it.o
 .debug_info    0x00003f5c      0x1a0 src/struct_can_msg.o
 .debug_info    0x000040fc      0x78a src/syscalls.o
 .debug_info    0x00004886      0x59a src/system_stm32f4xx.o
 .debug_info    0x00004e20      0x545 /home/pooki/Documents/code/Mips/STM32 PMSM FOC LIB/stm32f4discovery_stdperiph_lib/Debug/libstm32f4discovery_stdperiph_lib.a(misc.o)
 .debug_info    0x00005365      0xba4 /home/pooki/Documents/code/Mips/STM32 PMSM FOC LIB/stm32f4discovery_stdperiph_lib/Debug/libstm32f4discovery_stdperiph_lib.a(stm32f4xx_can.o)
 .debug_info    0x00005f09      0x210 /home/pooki/Documents/code/Mips/STM32 PMSM FOC LIB/stm32f4discovery_stdperiph_lib/Debug/libstm32f4discovery_stdperiph_lib.a(stm32f4xx_crc.o)
 .debug_info    0x00006119      0x60a /home/pooki/Documents/code/Mips/STM32 PMSM FOC LIB/stm32f4discovery_stdperiph_lib/Debug/libstm32f4discovery_stdperiph_lib.a(stm32f4xx_gpio.o)
 .debug_info    0x00006723      0xc55 /home/pooki/Documents/code/Mips/STM32 PMSM FOC LIB/stm32f4discovery_stdperiph_lib/Debug/libstm32f4discovery_stdperiph_lib.a(stm32f4xx_rcc.o)
 .debug_info    0x00007378     0x1c69 /home/pooki/Documents/code/Mips/STM32 PMSM FOC LIB/stm32f4discovery_stdperiph_lib/Debug/libstm32f4discovery_stdperiph_lib.a(stm32f4xx_tim.o)

.debug_abbrev   0x00000000     0x1c18
 .debug_abbrev  0x00000000       0x12 startup/startup_stm32f4xx.o
 .debug_abbrev  0x00000012       0x99 src/TIMhelper.o
 .debug_abbrev  0x000000ab      0x275 src/commande.o
 .debug_abbrev  0x00000320       0x6e src/configurations.o
 .debug_abbrev  0x0000038e      0x199 src/custom_can.o
 .debug_abbrev  0x00000527      0x184 src/custom_codeur.o
 .debug_abbrev  0x000006ab      0x152 src/custom_gpio.o
 .debug_abbrev  0x000007fd       0xc9 src/custom_nvic.o
 .debug_abbrev  0x000008c6       0xf6 src/debugger.o
 .debug_abbrev  0x000009bc      0x27b src/main.o
 .debug_abbrev  0x00000c37      0x19a src/state.o
 .debug_abbrev  0x00000dd1      0x156 src/stm32f4xx_it.o
 .debug_abbrev  0x00000f27       0xdc src/struct_can_msg.o
 .debug_abbrev  0x00001003      0x163 src/syscalls.o
 .debug_abbrev  0x00001166      0x13b src/system_stm32f4xx.o
 .debug_abbrev  0x000012a1      0x14a /home/pooki/Documents/code/Mips/STM32 PMSM FOC LIB/stm32f4discovery_stdperiph_lib/Debug/libstm32f4discovery_stdperiph_lib.a(misc.o)
 .debug_abbrev  0x000013eb      0x1f8 /home/pooki/Documents/code/Mips/STM32 PMSM FOC LIB/stm32f4discovery_stdperiph_lib/Debug/libstm32f4discovery_stdperiph_lib.a(stm32f4xx_can.o)
 .debug_abbrev  0x000015e3      0x119 /home/pooki/Documents/code/Mips/STM32 PMSM FOC LIB/stm32f4discovery_stdperiph_lib/Debug/libstm32f4discovery_stdperiph_lib.a(stm32f4xx_crc.o)
 .debug_abbrev  0x000016fc      0x1a8 /home/pooki/Documents/code/Mips/STM32 PMSM FOC LIB/stm32f4discovery_stdperiph_lib/Debug/libstm32f4discovery_stdperiph_lib.a(stm32f4xx_gpio.o)
 .debug_abbrev  0x000018a4      0x1e8 /home/pooki/Documents/code/Mips/STM32 PMSM FOC LIB/stm32f4discovery_stdperiph_lib/Debug/libstm32f4discovery_stdperiph_lib.a(stm32f4xx_rcc.o)
 .debug_abbrev  0x00001a8c      0x18c /home/pooki/Documents/code/Mips/STM32 PMSM FOC LIB/stm32f4discovery_stdperiph_lib/Debug/libstm32f4discovery_stdperiph_lib.a(stm32f4xx_tim.o)

.debug_aranges  0x00000000      0xbb8
 .debug_aranges
                0x00000000       0x28 startup/startup_stm32f4xx.o
 .debug_aranges
                0x00000028       0x20 src/TIMhelper.o
 .debug_aranges
                0x00000048       0x98 src/commande.o
 .debug_aranges
                0x000000e0       0xa8 src/configurations.o
 .debug_aranges
                0x00000188       0x50 src/custom_can.o
 .debug_aranges
                0x000001d8       0x80 src/custom_codeur.o
 .debug_aranges
                0x00000258       0x48 src/custom_gpio.o
 .debug_aranges
                0x000002a0       0x20 src/custom_nvic.o
 .debug_aranges
                0x000002c0       0x40 src/debugger.o
 .debug_aranges
                0x00000300       0x60 src/main.o
 .debug_aranges
                0x00000360       0x58 src/state.o
 .debug_aranges
                0x000003b8       0x78 src/stm32f4xx_it.o
 .debug_aranges
                0x00000430       0x30 src/struct_can_msg.o
 .debug_aranges
                0x00000460       0xc8 src/syscalls.o
 .debug_aranges
                0x00000528       0x30 src/system_stm32f4xx.o
 .debug_aranges
                0x00000558       0x40 /home/pooki/Documents/code/Mips/STM32 PMSM FOC LIB/stm32f4discovery_stdperiph_lib/Debug/libstm32f4discovery_stdperiph_lib.a(misc.o)
 .debug_aranges
                0x00000598       0xe0 /home/pooki/Documents/code/Mips/STM32 PMSM FOC LIB/stm32f4discovery_stdperiph_lib/Debug/libstm32f4discovery_stdperiph_lib.a(stm32f4xx_can.o)
 .debug_aranges
                0x00000678       0x48 /home/pooki/Documents/code/Mips/STM32 PMSM FOC LIB/stm32f4discovery_stdperiph_lib/Debug/libstm32f4discovery_stdperiph_lib.a(stm32f4xx_crc.o)
 .debug_aranges
                0x000006c0       0x88 /home/pooki/Documents/code/Mips/STM32 PMSM FOC LIB/stm32f4discovery_stdperiph_lib/Debug/libstm32f4discovery_stdperiph_lib.a(stm32f4xx_gpio.o)
 .debug_aranges
                0x00000748      0x178 /home/pooki/Documents/code/Mips/STM32 PMSM FOC LIB/stm32f4discovery_stdperiph_lib/Debug/libstm32f4discovery_stdperiph_lib.a(stm32f4xx_rcc.o)
 .debug_aranges
                0x000008c0      0x2f8 /home/pooki/Documents/code/Mips/STM32 PMSM FOC LIB/stm32f4discovery_stdperiph_lib/Debug/libstm32f4discovery_stdperiph_lib.a(stm32f4xx_tim.o)

.debug_ranges   0x00000000      0xa70
 .debug_ranges  0x00000000       0x20 startup/startup_stm32f4xx.o
 .debug_ranges  0x00000020       0x10 src/TIMhelper.o
 .debug_ranges  0x00000030       0x88 src/commande.o
 .debug_ranges  0x000000b8       0x98 src/configurations.o
 .debug_ranges  0x00000150       0x40 src/custom_can.o
 .debug_ranges  0x00000190       0x70 src/custom_codeur.o
 .debug_ranges  0x00000200       0x38 src/custom_gpio.o
 .debug_ranges  0x00000238       0x10 src/custom_nvic.o
 .debug_ranges  0x00000248       0x30 src/debugger.o
 .debug_ranges  0x00000278       0x50 src/main.o
 .debug_ranges  0x000002c8       0x48 src/state.o
 .debug_ranges  0x00000310       0x68 src/stm32f4xx_it.o
 .debug_ranges  0x00000378       0x20 src/struct_can_msg.o
 .debug_ranges  0x00000398       0xb8 src/syscalls.o
 .debug_ranges  0x00000450       0x20 src/system_stm32f4xx.o
 .debug_ranges  0x00000470       0x30 /home/pooki/Documents/code/Mips/STM32 PMSM FOC LIB/stm32f4discovery_stdperiph_lib/Debug/libstm32f4discovery_stdperiph_lib.a(misc.o)
 .debug_ranges  0x000004a0       0xd0 /home/pooki/Documents/code/Mips/STM32 PMSM FOC LIB/stm32f4discovery_stdperiph_lib/Debug/libstm32f4discovery_stdperiph_lib.a(stm32f4xx_can.o)
 .debug_ranges  0x00000570       0x38 /home/pooki/Documents/code/Mips/STM32 PMSM FOC LIB/stm32f4discovery_stdperiph_lib/Debug/libstm32f4discovery_stdperiph_lib.a(stm32f4xx_crc.o)
 .debug_ranges  0x000005a8       0x78 /home/pooki/Documents/code/Mips/STM32 PMSM FOC LIB/stm32f4discovery_stdperiph_lib/Debug/libstm32f4discovery_stdperiph_lib.a(stm32f4xx_gpio.o)
 .debug_ranges  0x00000620      0x168 /home/pooki/Documents/code/Mips/STM32 PMSM FOC LIB/stm32f4discovery_stdperiph_lib/Debug/libstm32f4discovery_stdperiph_lib.a(stm32f4xx_rcc.o)
 .debug_ranges  0x00000788      0x2e8 /home/pooki/Documents/code/Mips/STM32 PMSM FOC LIB/stm32f4discovery_stdperiph_lib/Debug/libstm32f4discovery_stdperiph_lib.a(stm32f4xx_tim.o)

.debug_macro    0x00000000    0x11f0f
 .debug_macro   0x00000000      0x1b1 src/TIMhelper.o
 .debug_macro   0x000001b1      0x8b0 src/TIMhelper.o
 .debug_macro   0x00000a61       0x22 src/TIMhelper.o
 .debug_macro   0x00000a83       0x44 src/TIMhelper.o
 .debug_macro   0x00000ac7       0x1c src/TIMhelper.o
 .debug_macro   0x00000ae3      0x1f7 src/TIMhelper.o
 .debug_macro   0x00000cda       0x63 src/TIMhelper.o
 .debug_macro   0x00000d3d       0x35 src/TIMhelper.o
 .debug_macro   0x00000d72       0x18 src/TIMhelper.o
 .debug_macro   0x00000d8a       0x42 src/TIMhelper.o
 .debug_macro   0x00000dcc      0x8cb src/TIMhelper.o
 .debug_macro   0x00001697     0x8057 src/TIMhelper.o
 .debug_macro   0x000096ee      0x44e src/TIMhelper.o
 .debug_macro   0x00009b3c      0x3cf src/TIMhelper.o
 .debug_macro   0x00009f0b      0x111 src/TIMhelper.o
 .debug_macro   0x0000a01c      0x182 src/TIMhelper.o
 .debug_macro   0x0000a19e       0xb2 src/TIMhelper.o
 .debug_macro   0x0000a250      0x146 src/TIMhelper.o
 .debug_macro   0x0000a396      0x477 src/TIMhelper.o
 .debug_macro   0x0000a80d       0xac src/TIMhelper.o
 .debug_macro   0x0000a8b9      0x241 src/TIMhelper.o
 .debug_macro   0x0000aafa      0x279 src/TIMhelper.o
 .debug_macro   0x0000ad73       0xb5 src/TIMhelper.o
 .debug_macro   0x0000ae28      0x265 src/TIMhelper.o
 .debug_macro   0x0000b08d      0x2b1 src/TIMhelper.o
 .debug_macro   0x0000b33e       0x64 src/TIMhelper.o
 .debug_macro   0x0000b3a2       0xa6 src/TIMhelper.o
 .debug_macro   0x0000b448       0x40 src/TIMhelper.o
 .debug_macro   0x0000b488      0x57a src/TIMhelper.o
 .debug_macro   0x0000ba02      0x341 src/TIMhelper.o
 .debug_macro   0x0000bd43      0x36a src/TIMhelper.o
 .debug_macro   0x0000c0ad       0xdf src/TIMhelper.o
 .debug_macro   0x0000c18c      0x73b src/TIMhelper.o
 .debug_macro   0x0000c8c7      0x220 src/TIMhelper.o
 .debug_macro   0x0000cae7       0x34 src/TIMhelper.o
 .debug_macro   0x0000cb1b       0x7f src/TIMhelper.o
 .debug_macro   0x0000cb9a       0x35 src/TIMhelper.o
 .debug_macro   0x0000cbcf      0x532 src/TIMhelper.o
 .debug_macro   0x0000d101      0x14e src/commande.o
 .debug_macro   0x0000d24f       0x58 src/commande.o
 .debug_macro   0x0000d2a7       0x35 src/commande.o
 .debug_macro   0x0000d2dc       0x9c src/commande.o
 .debug_macro   0x0000d378       0x16 src/commande.o
 .debug_macro   0x0000d38e      0x10e src/commande.o
 .debug_macro   0x0000d49c       0x86 src/commande.o
 .debug_macro   0x0000d522       0x52 src/commande.o
 .debug_macro   0x0000d574       0x16 src/commande.o
 .debug_macro   0x0000d58a       0x43 src/commande.o
 .debug_macro   0x0000d5cd      0x180 src/commande.o
 .debug_macro   0x0000d74d      0x27a src/commande.o
 .debug_macro   0x0000d9c7       0x22 src/commande.o
 .debug_macro   0x0000d9e9       0x6a src/commande.o
 .debug_macro   0x0000da53       0x82 src/commande.o
 .debug_macro   0x0000dad5       0x3a src/commande.o
 .debug_macro   0x0000db0f       0x63 src/configurations.o
 .debug_macro   0x0000db72       0x7c src/configurations.o
 .debug_macro   0x0000dbee       0x64 src/configurations.o
 .debug_macro   0x0000dc52      0x2a6 src/custom_can.o
 .debug_macro   0x0000def8       0x28 src/custom_can.o
 .debug_macro   0x0000df20      0x538 src/custom_can.o
 .debug_macro   0x0000e458      0x25f src/custom_can.o
 .debug_macro   0x0000e6b7      0x20a src/custom_codeur.o
 .debug_macro   0x0000e8c1      0x1cf src/custom_gpio.o
 .debug_macro   0x0000ea90      0x1ca src/custom_nvic.o
 .debug_macro   0x0000ec5a       0x79 src/custom_nvic.o
 .debug_macro   0x0000ecd3       0x55 src/debugger.o
 .debug_macro   0x0000ed28      0x200 src/main.o
 .debug_macro   0x0000ef28      0x12d src/state.o
 .debug_macro   0x0000f055       0x34 src/state.o
 .debug_macro   0x0000f089      0x1b2 src/stm32f4xx_it.o
 .debug_macro   0x0000f23b      0x10b src/struct_can_msg.o
 .debug_macro   0x0000f346      0x1c8 src/syscalls.o
 .debug_macro   0x0000f50e      0x16d src/syscalls.o
 .debug_macro   0x0000f67b       0x10 src/syscalls.o
 .debug_macro   0x0000f68b       0x35 src/syscalls.o
 .debug_macro   0x0000f6c0       0x10 src/syscalls.o
 .debug_macro   0x0000f6d0       0x10 src/syscalls.o
 .debug_macro   0x0000f6e0       0x10 src/syscalls.o
 .debug_macro   0x0000f6f0       0x22 src/syscalls.o
 .debug_macro   0x0000f712       0xbd src/syscalls.o
 .debug_macro   0x0000f7cf       0x2e src/syscalls.o
 .debug_macro   0x0000f7fd      0x121 src/syscalls.o
 .debug_macro   0x0000f91e       0x10 src/syscalls.o
 .debug_macro   0x0000f92e      0x241 src/syscalls.o
 .debug_macro   0x0000fb6f       0x1c src/syscalls.o
 .debug_macro   0x0000fb8b       0x10 src/syscalls.o
 .debug_macro   0x0000fb9b       0x16 src/syscalls.o
 .debug_macro   0x0000fbb1      0x165 src/syscalls.o
 .debug_macro   0x0000fd16      0x13e src/syscalls.o
 .debug_macro   0x0000fe54       0x16 src/syscalls.o
 .debug_macro   0x0000fe6a       0x22 src/syscalls.o
 .debug_macro   0x0000fe8c      0x1c1 src/system_stm32f4xx.o
 .debug_macro   0x0001004d      0x1ad /home/pooki/Documents/code/Mips/STM32 PMSM FOC LIB/stm32f4discovery_stdperiph_lib/Debug/libstm32f4discovery_stdperiph_lib.a(misc.o)
 .debug_macro   0x000101fa      0x892 /home/pooki/Documents/code/Mips/STM32 PMSM FOC LIB/stm32f4discovery_stdperiph_lib/Debug/libstm32f4discovery_stdperiph_lib.a(misc.o)
 .debug_macro   0x00010a8c       0x16 /home/pooki/Documents/code/Mips/STM32 PMSM FOC LIB/stm32f4discovery_stdperiph_lib/Debug/libstm32f4discovery_stdperiph_lib.a(misc.o)
 .debug_macro   0x00010aa2      0x1ff /home/pooki/Documents/code/Mips/STM32 PMSM FOC LIB/stm32f4discovery_stdperiph_lib/Debug/libstm32f4discovery_stdperiph_lib.a(stm32f4xx_can.o)
 .debug_macro   0x00010ca1      0x3c9 /home/pooki/Documents/code/Mips/STM32 PMSM FOC LIB/stm32f4discovery_stdperiph_lib/Debug/libstm32f4discovery_stdperiph_lib.a(stm32f4xx_can.o)
 .debug_macro   0x0001106a      0x1a1 /home/pooki/Documents/code/Mips/STM32 PMSM FOC LIB/stm32f4discovery_stdperiph_lib/Debug/libstm32f4discovery_stdperiph_lib.a(stm32f4xx_crc.o)
 .debug_macro   0x0001120b      0x1ab /home/pooki/Documents/code/Mips/STM32 PMSM FOC LIB/stm32f4discovery_stdperiph_lib/Debug/libstm32f4discovery_stdperiph_lib.a(stm32f4xx_gpio.o)
 .debug_macro   0x000113b6      0x24f /home/pooki/Documents/code/Mips/STM32 PMSM FOC LIB/stm32f4discovery_stdperiph_lib/Debug/libstm32f4discovery_stdperiph_lib.a(stm32f4xx_rcc.o)
 .debug_macro   0x00011605      0x1d5 /home/pooki/Documents/code/Mips/STM32 PMSM FOC LIB/stm32f4discovery_stdperiph_lib/Debug/libstm32f4discovery_stdperiph_lib.a(stm32f4xx_tim.o)
 .debug_macro   0x000117da      0x735 /home/pooki/Documents/code/Mips/STM32 PMSM FOC LIB/stm32f4discovery_stdperiph_lib/Debug/libstm32f4discovery_stdperiph_lib.a(stm32f4xx_tim.o)

.debug_str      0x00000000    0x5d83a
 .debug_str     0x00000000    0x5595b src/TIMhelper.o
                              0x55ada (size before relaxing)
 .debug_str     0x0005595b     0x2dbf src/commande.o
                               0x5fa9 (size before relaxing)
 .debug_str     0x0005871a      0x2d6 src/configurations.o
                               0x35e8 (size before relaxing)
 .debug_str     0x000589f0      0x5f2 src/custom_can.o
                              0x5893d (size before relaxing)
 .debug_str     0x00058fe2      0xa5f src/custom_codeur.o
                              0x5685f (size before relaxing)
 .debug_str     0x00059a41      0x13e src/custom_gpio.o
                              0x55d4f (size before relaxing)
 .debug_str     0x00059b7f       0x4a src/custom_nvic.o
                              0x560f6 (size before relaxing)
 .debug_str     0x00059bc9       0x48 src/debugger.o
                               0x3132 (size before relaxing)
 .debug_str     0x00059c11      0x17a src/main.o
                              0x562da (size before relaxing)
 .debug_str     0x00059d8b       0xbf src/state.o
                               0x5c73 (size before relaxing)
 .debug_str     0x00059e4a       0xf0 src/stm32f4xx_it.o
                              0x55cef (size before relaxing)
 .debug_str     0x00059f3a       0x57 src/struct_can_msg.o
                               0x55c6 (size before relaxing)
 .debug_str     0x00059f91     0x195c src/syscalls.o
                               0x6ec7 (size before relaxing)
 .debug_str     0x0005b8ed      0x18b src/system_stm32f4xx.o
                              0x55cac (size before relaxing)
 .debug_str     0x0005ba78      0x26e /home/pooki/Documents/code/Mips/STM32 PMSM FOC LIB/stm32f4discovery_stdperiph_lib/Debug/libstm32f4discovery_stdperiph_lib.a(misc.o)
                              0x55cac (size before relaxing)
 .debug_str     0x0005bce6      0x4e1 /home/pooki/Documents/code/Mips/STM32 PMSM FOC LIB/stm32f4discovery_stdperiph_lib/Debug/libstm32f4discovery_stdperiph_lib.a(stm32f4xx_can.o)
                              0x561de (size before relaxing)
 .debug_str     0x0005c1c7       0xaf /home/pooki/Documents/code/Mips/STM32 PMSM FOC LIB/stm32f4discovery_stdperiph_lib/Debug/libstm32f4discovery_stdperiph_lib.a(stm32f4xx_crc.o)
                              0x55aff (size before relaxing)
 .debug_str     0x0005c276      0x15a /home/pooki/Documents/code/Mips/STM32 PMSM FOC LIB/stm32f4discovery_stdperiph_lib/Debug/libstm32f4discovery_stdperiph_lib.a(stm32f4xx_gpio.o)
                              0x55d57 (size before relaxing)
 .debug_str     0x0005c3d0      0x9c6 /home/pooki/Documents/code/Mips/STM32 PMSM FOC LIB/stm32f4discovery_stdperiph_lib/Debug/libstm32f4discovery_stdperiph_lib.a(stm32f4xx_rcc.o)
                              0x565d8 (size before relaxing)
 .debug_str     0x0005cd96      0xaa4 /home/pooki/Documents/code/Mips/STM32 PMSM FOC LIB/stm32f4discovery_stdperiph_lib/Debug/libstm32f4discovery_stdperiph_lib.a(stm32f4xx_tim.o)
                              0x5674b (size before relaxing)

.comment        0x00000000       0x70
 .comment       0x00000000       0x70 src/TIMhelper.o
                                 0x71 (size before relaxing)
 .comment       0x00000000       0x71 src/commande.o
 .comment       0x00000000       0x71 src/configurations.o
 .comment       0x00000000       0x71 src/custom_can.o
 .comment       0x00000000       0x71 src/custom_codeur.o
 .comment       0x00000000       0x71 src/custom_gpio.o
 .comment       0x00000000       0x71 src/custom_nvic.o
 .comment       0x00000000       0x71 src/debugger.o
 .comment       0x00000000       0x71 src/main.o
 .comment       0x00000000       0x71 src/state.o
 .comment       0x00000000       0x71 src/stm32f4xx_it.o
 .comment       0x00000000       0x71 src/struct_can_msg.o
 .comment       0x00000000       0x71 src/syscalls.o
 .comment       0x00000000       0x71 src/system_stm32f4xx.o
 .comment       0x00000000       0x71 /home/pooki/Documents/code/Mips/STM32 PMSM FOC LIB/stm32f4discovery_stdperiph_lib/Debug/libstm32f4discovery_stdperiph_lib.a(misc.o)
 .comment       0x00000000       0x71 /home/pooki/Documents/code/Mips/STM32 PMSM FOC LIB/stm32f4discovery_stdperiph_lib/Debug/libstm32f4discovery_stdperiph_lib.a(stm32f4xx_can.o)
 .comment       0x00000000       0x71 /home/pooki/Documents/code/Mips/STM32 PMSM FOC LIB/stm32f4discovery_stdperiph_lib/Debug/libstm32f4discovery_stdperiph_lib.a(stm32f4xx_crc.o)
 .comment       0x00000000       0x71 /home/pooki/Documents/code/Mips/STM32 PMSM FOC LIB/stm32f4discovery_stdperiph_lib/Debug/libstm32f4discovery_stdperiph_lib.a(stm32f4xx_gpio.o)
 .comment       0x00000000       0x71 /home/pooki/Documents/code/Mips/STM32 PMSM FOC LIB/stm32f4discovery_stdperiph_lib/Debug/libstm32f4discovery_stdperiph_lib.a(stm32f4xx_rcc.o)
 .comment       0x00000000       0x71 /home/pooki/Documents/code/Mips/STM32 PMSM FOC LIB/stm32f4discovery_stdperiph_lib/Debug/libstm32f4discovery_stdperiph_lib.a(stm32f4xx_tim.o)

.debug_frame    0x00000000     0x31d0
 .debug_frame   0x00000000       0x34 src/TIMhelper.o
 .debug_frame   0x00000034      0x258 src/commande.o
 .debug_frame   0x0000028c      0x24c src/configurations.o
 .debug_frame   0x000004d8      0x114 src/custom_can.o
 .debug_frame   0x000005ec      0x1a4 src/custom_codeur.o
 .debug_frame   0x00000790       0xd0 src/custom_gpio.o
 .debug_frame   0x00000860       0x34 src/custom_nvic.o
 .debug_frame   0x00000894       0xc4 src/debugger.o
 .debug_frame   0x00000958      0x13c src/main.o
 .debug_frame   0x00000a94      0x130 src/state.o
 .debug_frame   0x00000bc4      0x170 src/stm32f4xx_it.o
 .debug_frame   0x00000d34       0x80 src/struct_can_msg.o
 .debug_frame   0x00000db4      0x35c src/syscalls.o
 .debug_frame   0x00001110       0x7c src/system_stm32f4xx.o
 .debug_frame   0x0000118c       0xd8 /home/pooki/Documents/code/Mips/STM32 PMSM FOC LIB/stm32f4discovery_stdperiph_lib/Debug/libstm32f4discovery_stdperiph_lib.a(misc.o)
 .debug_frame   0x00001264      0x3f0 /home/pooki/Documents/code/Mips/STM32 PMSM FOC LIB/stm32f4discovery_stdperiph_lib/Debug/libstm32f4discovery_stdperiph_lib.a(stm32f4xx_can.o)
 .debug_frame   0x00001654       0xe8 /home/pooki/Documents/code/Mips/STM32 PMSM FOC LIB/stm32f4discovery_stdperiph_lib/Debug/libstm32f4discovery_stdperiph_lib.a(stm32f4xx_crc.o)
 .debug_frame   0x0000173c      0x23c /home/pooki/Documents/code/Mips/STM32 PMSM FOC LIB/stm32f4discovery_stdperiph_lib/Debug/libstm32f4discovery_stdperiph_lib.a(stm32f4xx_gpio.o)
 .debug_frame   0x00001978      0x6d4 /home/pooki/Documents/code/Mips/STM32 PMSM FOC LIB/stm32f4discovery_stdperiph_lib/Debug/libstm32f4discovery_stdperiph_lib.a(stm32f4xx_rcc.o)
 .debug_frame   0x0000204c      0xe54 /home/pooki/Documents/code/Mips/STM32 PMSM FOC LIB/stm32f4discovery_stdperiph_lib/Debug/libstm32f4discovery_stdperiph_lib.a(stm32f4xx_tim.o)
 .debug_frame   0x00002ea0       0x20 /home/pooki/Ac6/SystemWorkbench/plugins/fr.ac6.mcu.externaltools.arm-none.linux64_1.3.0.201507241112/tools/compiler/bin/../lib/gcc/arm-none-eabi/4.9.3/../../../../arm-none-eabi/lib/armv7e-m/fpu/libc.a(lib_a-calloc.o)
 .debug_frame   0x00002ec0       0x28 /home/pooki/Ac6/SystemWorkbench/plugins/fr.ac6.mcu.externaltools.arm-none.linux64_1.3.0.201507241112/tools/compiler/bin/../lib/gcc/arm-none-eabi/4.9.3/../../../../arm-none-eabi/lib/armv7e-m/fpu/libc.a(lib_a-callocr.o)
 .debug_frame   0x00002ee8       0x2c /home/pooki/Ac6/SystemWorkbench/plugins/fr.ac6.mcu.externaltools.arm-none.linux64_1.3.0.201507241112/tools/compiler/bin/../lib/gcc/arm-none-eabi/4.9.3/../../../../arm-none-eabi/lib/armv7e-m/fpu/libc.a(lib_a-init.o)
 .debug_frame   0x00002f14       0x30 /home/pooki/Ac6/SystemWorkbench/plugins/fr.ac6.mcu.externaltools.arm-none.linux64_1.3.0.201507241112/tools/compiler/bin/../lib/gcc/arm-none-eabi/4.9.3/../../../../arm-none-eabi/lib/armv7e-m/fpu/libc.a(lib_a-malloc.o)
 .debug_frame   0x00002f44       0x58 /home/pooki/Ac6/SystemWorkbench/plugins/fr.ac6.mcu.externaltools.arm-none.linux64_1.3.0.201507241112/tools/compiler/bin/../lib/gcc/arm-none-eabi/4.9.3/../../../../arm-none-eabi/lib/armv7e-m/fpu/libc.a(lib_a-mallocr.o)
 .debug_frame   0x00002f9c       0x34 /home/pooki/Ac6/SystemWorkbench/plugins/fr.ac6.mcu.externaltools.arm-none.linux64_1.3.0.201507241112/tools/compiler/bin/../lib/gcc/arm-none-eabi/4.9.3/../../../../arm-none-eabi/lib/armv7e-m/fpu/libc.a(lib_a-memset.o)
 .debug_frame   0x00002fd0       0x30 /home/pooki/Ac6/SystemWorkbench/plugins/fr.ac6.mcu.externaltools.arm-none.linux64_1.3.0.201507241112/tools/compiler/bin/../lib/gcc/arm-none-eabi/4.9.3/../../../../arm-none-eabi/lib/armv7e-m/fpu/libc.a(lib_a-mlock.o)
 .debug_frame   0x00003000       0x58 /home/pooki/Ac6/SystemWorkbench/plugins/fr.ac6.mcu.externaltools.arm-none.linux64_1.3.0.201507241112/tools/compiler/bin/../lib/gcc/arm-none-eabi/4.9.3/../../../../arm-none-eabi/lib/armv7e-m/fpu/libc.a(lib_a-reent.o)
 .debug_frame   0x00003058       0x2c /home/pooki/Ac6/SystemWorkbench/plugins/fr.ac6.mcu.externaltools.arm-none.linux64_1.3.0.201507241112/tools/compiler/bin/../lib/gcc/arm-none-eabi/4.9.3/../../../../arm-none-eabi/lib/armv7e-m/fpu/libc.a(lib_a-sbrkr.o)
 .debug_frame   0x00003084       0x50 /home/pooki/Ac6/SystemWorkbench/plugins/fr.ac6.mcu.externaltools.arm-none.linux64_1.3.0.201507241112/tools/compiler/bin/../lib/gcc/arm-none-eabi/4.9.3/../../../../arm-none-eabi/lib/armv7e-m/fpu/libc.a(lib_a-__call_atexit.o)
 .debug_frame   0x000030d4       0x20 /home/pooki/Ac6/SystemWorkbench/plugins/fr.ac6.mcu.externaltools.arm-none.linux64_1.3.0.201507241112/tools/compiler/bin/../lib/gcc/arm-none-eabi/4.9.3/../../../../arm-none-eabi/lib/armv7e-m/fpu/libc.a(lib_a-atexit.o)
 .debug_frame   0x000030f4       0x34 /home/pooki/Ac6/SystemWorkbench/plugins/fr.ac6.mcu.externaltools.arm-none.linux64_1.3.0.201507241112/tools/compiler/bin/../lib/gcc/arm-none-eabi/4.9.3/../../../../arm-none-eabi/lib/armv7e-m/fpu/libc.a(lib_a-fini.o)
 .debug_frame   0x00003128       0x74 /home/pooki/Ac6/SystemWorkbench/plugins/fr.ac6.mcu.externaltools.arm-none.linux64_1.3.0.201507241112/tools/compiler/bin/../lib/gcc/arm-none-eabi/4.9.3/../../../../arm-none-eabi/lib/armv7e-m/fpu/libc.a(lib_a-freer.o)
 .debug_frame   0x0000319c       0x34 /home/pooki/Ac6/SystemWorkbench/plugins/fr.ac6.mcu.externaltools.arm-none.linux64_1.3.0.201507241112/tools/compiler/bin/../lib/gcc/arm-none-eabi/4.9.3/../../../../arm-none-eabi/lib/armv7e-m/fpu/libc.a(lib_a-__atexit.o)
